kind: ConfigMap
apiVersion: v1
metadata:
  name: grafana-dashboards-folder1
  namespace: namespace
  labels:
    grafana_dashboard: ""
  annotations:
    grafana_folder: folder1
data:
  db-1-1.json: '"dashboard 1"'
