kind: ConfigMap
apiVersion: v1
metadata:
  name: grafana-dashboards-general
  namespace: monitoring
  labels:
    grafana_dashboard: ""
  annotations:
    grafana_folder: General
data:
  db-0-1.json: '"dashboard 2"'
