apiVersion: 1
datasources:
  - id: 5
    orgid: 1
    name: foo
    type: grafana-simple-json-datasource
    access: proxy
    url: http://example.com:5000
    password: ""
    user: ""
    database: ""
    basicauth: false
    basicauthuser: null
    basicauthpassword: null
    isdefault: false
    jsondata: {}
    securejsondata: null
  - id: 3
    orgid: 1
    name: bar
    type: postgres
    access: proxy
    url: http://postgres.default:5432
    password: ""
    user: grafana
    database: bar
    basicauth: false
    basicauthuser: null
    basicauthpassword: null
    isdefault: false
    jsondata:
      postgresVersion: 1200
      sslmode: disable
    securejsondata: null
  - id: 7
    orgid: 1
    name: Prometheus
    type: prometheus
    access: proxy
    url: http://monitoring-prometheus-mock.monitoring.svc:80
    password: ""
    user: ""
    database: ""
    basicauth: false
    basicauthuser: null
    basicauthpassword: null
    isdefault: true
    jsondata: {}
    securejsondata: null
